<html>
<body>
<pre>
<h1>µVision Build Log</h1>
<h2>Project:</h2>
C:\Users\Andrew\Desktop\Spring 2019 semester\CECS447\gitstuff\TM4C-DAC\DAC\DAC.uvproj
Project File Date:  02/13/2019

<h2>Output:</h2>
Rebuild target 'DAC'
compiling main.c...
assembling startup.s...
linking...
Program Size: Code=4224 RO-data=32 RW-data=24 ZI-data=2144  
".\DAC.axf" - 0 Error(s), 0 Warning(s).
Load "C:\\Users\\Andrew\\Desktop\\Spring 2019 semester\\CECS447\\gitstuff\\TM4C-DAC\\DAC\\DAC.axf" 
Connecting: Mode=JTAG, Speed=1000000Hz
Erase Done.
Programming Done.
Verify OK.

error messages.
".\DAC.axf" - 1 Error(s), 1 Warning(s).
Target not created
Load "C:\\Users\\Andrew\\Desktop\\Spring 2019 semester\\CECS447\\gitstuff\\TM4C-DAC\\DAC\\DAC.axf" 
_____^
*** error 56: cannot open file
Error: Flash Download failed  -  Could not load file 'C:\Users\Andrew\Desktop\Spring 2019 semester\CECS447\gitstuff\TM4C-DAC\DAC\DAC.axf'
