<html>
<body>
<pre>
<h1>µVision Build Log</h1>
<h2>Project:</h2>
C:\Users\Andrew\Desktop\Spring 2019 semester\CECS447\gitstuff\TM4C-DAC\DAC\DAC.uvproj
Project File Date:  02/13/2019

<h2>Output:</h2>
Rebuild target 'DAC'
compiling main.c...
assembling startup.s...
linking...
Program Size: Code=3748 RO-data=32 RW-data=1052 ZI-data=1124  
".\DAC.axf" - 0 Error(s), 0 Warning(s).
Load "C:\\Users\\Andrew\\Desktop\\Spring 2019 semester\\CECS447\\gitstuff\\TM4C-DAC\\DAC\\DAC.axf" 
Connecting: Mode=JTAG, Speed=1000000Hz
Erase Done.
Programming Done.
Verify OK.
Load "C:\\Users\\Andrew\\Desktop\\Spring 2019 semester\\CECS447\\gitstuff\\TM4C-DAC\\DAC\\DAC.axf" 
Connecting: Mode=JTAG, Speed=1000000Hz
Erase Done.
Programming Done.
Verify OK.

Load "C:\\Users\\Andrew\\Desktop\\Spring 2019 semester\\CECS447\\gitstuff\\TM4C-DAC\\DAC\\DAC.axf" 
Connecting: Mode=JTAG, Speed=1000000Hz
Erase Done.
Programming Done.
Verify OK.
Programming Done.
Verify OK.
